Archive member included to satisfy reference by file (symbol)

c:/program files (x86)/atmel/studio/7.0/toolchain/arm/arm-gnu-toolchain/bin/../lib/gcc/arm-none-eabi/6.3.1/thumb/v6-m\libgcc.a(_aeabi_uldivmod.o)
                              hpl/sercom/hpl_sercom.o (__aeabi_uldivmod)
c:/program files (x86)/atmel/studio/7.0/toolchain/arm/arm-gnu-toolchain/bin/../lib/gcc/arm-none-eabi/6.3.1/thumb/v6-m\libgcc.a(_muldi3.o)
                              hpl/sercom/hpl_sercom.o (__aeabi_lmul)
c:/program files (x86)/atmel/studio/7.0/toolchain/arm/arm-gnu-toolchain/bin/../lib/gcc/arm-none-eabi/6.3.1/thumb/v6-m\libgcc.a(_ffssi2.o)
                              hpl/eic/hpl_eic.o (__ffssi2)
c:/program files (x86)/atmel/studio/7.0/toolchain/arm/arm-gnu-toolchain/bin/../lib/gcc/arm-none-eabi/6.3.1/thumb/v6-m\libgcc.a(_fixunsdfsi.o)
                              hpl/sercom/hpl_sercom.o (__aeabi_d2uiz)
c:/program files (x86)/atmel/studio/7.0/toolchain/arm/arm-gnu-toolchain/bin/../lib/gcc/arm-none-eabi/6.3.1/thumb/v6-m\libgcc.a(_udivmoddi4.o)
                              c:/program files (x86)/atmel/studio/7.0/toolchain/arm/arm-gnu-toolchain/bin/../lib/gcc/arm-none-eabi/6.3.1/thumb/v6-m\libgcc.a(_aeabi_uldivmod.o) (__udivmoddi4)
c:/program files (x86)/atmel/studio/7.0/toolchain/arm/arm-gnu-toolchain/bin/../lib/gcc/arm-none-eabi/6.3.1/thumb/v6-m\libgcc.a(divdf3.o)
                              hpl/sercom/hpl_sercom.o (__aeabi_ddiv)
c:/program files (x86)/atmel/studio/7.0/toolchain/arm/arm-gnu-toolchain/bin/../lib/gcc/arm-none-eabi/6.3.1/thumb/v6-m\libgcc.a(muldf3.o)
                              hpl/sercom/hpl_sercom.o (__aeabi_dmul)
c:/program files (x86)/atmel/studio/7.0/toolchain/arm/arm-gnu-toolchain/bin/../lib/gcc/arm-none-eabi/6.3.1/thumb/v6-m\libgcc.a(subdf3.o)
                              hpl/sercom/hpl_sercom.o (__aeabi_dsub)
c:/program files (x86)/atmel/studio/7.0/toolchain/arm/arm-gnu-toolchain/bin/../lib/gcc/arm-none-eabi/6.3.1/thumb/v6-m\libgcc.a(fixdfsi.o)
                              c:/program files (x86)/atmel/studio/7.0/toolchain/arm/arm-gnu-toolchain/bin/../lib/gcc/arm-none-eabi/6.3.1/thumb/v6-m\libgcc.a(_fixunsdfsi.o) (__aeabi_d2iz)
c:/program files (x86)/atmel/studio/7.0/toolchain/arm/arm-gnu-toolchain/bin/../lib/gcc/arm-none-eabi/6.3.1/thumb/v6-m\libgcc.a(floatsidf.o)
                              hpl/sercom/hpl_sercom.o (__aeabi_i2d)
c:/program files (x86)/atmel/studio/7.0/toolchain/arm/arm-gnu-toolchain/bin/../lib/gcc/arm-none-eabi/6.3.1/thumb/v6-m\libgcc.a(floatunsidf.o)
                              hpl/sercom/hpl_sercom.o (__aeabi_ui2d)
c:/program files (x86)/atmel/studio/7.0/toolchain/arm/arm-gnu-toolchain/bin/../lib/gcc/arm-none-eabi/6.3.1/thumb/v6-m\libgcc.a(_dvmd_tls.o)
                              c:/program files (x86)/atmel/studio/7.0/toolchain/arm/arm-gnu-toolchain/bin/../lib/gcc/arm-none-eabi/6.3.1/thumb/v6-m\libgcc.a(_aeabi_uldivmod.o) (__aeabi_ldiv0)
c:/program files (x86)/atmel/studio/7.0/toolchain/arm/arm-gnu-toolchain/bin/../lib/gcc/arm-none-eabi/6.3.1/thumb/v6-m\libgcc.a(_arm_cmpdf2.o)
                              c:/program files (x86)/atmel/studio/7.0/toolchain/arm/arm-gnu-toolchain/bin/../lib/gcc/arm-none-eabi/6.3.1/thumb/v6-m\libgcc.a(_fixunsdfsi.o) (__aeabi_dcmpge)
c:/program files (x86)/atmel/studio/7.0/toolchain/arm/arm-gnu-toolchain/bin/../lib/gcc/arm-none-eabi/6.3.1/thumb/v6-m\libgcc.a(_clzsi2.o)
                              c:/program files (x86)/atmel/studio/7.0/toolchain/arm/arm-gnu-toolchain/bin/../lib/gcc/arm-none-eabi/6.3.1/thumb/v6-m\libgcc.a(divdf3.o) (__clzsi2)
c:/program files (x86)/atmel/studio/7.0/toolchain/arm/arm-gnu-toolchain/bin/../lib/gcc/arm-none-eabi/6.3.1/thumb/v6-m\libgcc.a(_clzdi2.o)
                              c:/program files (x86)/atmel/studio/7.0/toolchain/arm/arm-gnu-toolchain/bin/../lib/gcc/arm-none-eabi/6.3.1/thumb/v6-m\libgcc.a(_udivmoddi4.o) (__clzdi2)
c:/program files (x86)/atmel/studio/7.0/toolchain/arm/arm-gnu-toolchain/bin/../lib/gcc/arm-none-eabi/6.3.1/thumb/v6-m\libgcc.a(_ctzsi2.o)
                              c:/program files (x86)/atmel/studio/7.0/toolchain/arm/arm-gnu-toolchain/bin/../lib/gcc/arm-none-eabi/6.3.1/thumb/v6-m\libgcc.a(_ffssi2.o) (__ctzsi2)
c:/program files (x86)/atmel/studio/7.0/toolchain/arm/arm-gnu-toolchain/bin/../lib/gcc/arm-none-eabi/6.3.1/thumb/v6-m\libgcc.a(eqdf2.o)
                              c:/program files (x86)/atmel/studio/7.0/toolchain/arm/arm-gnu-toolchain/bin/../lib/gcc/arm-none-eabi/6.3.1/thumb/v6-m\libgcc.a(_arm_cmpdf2.o) (__eqdf2)
c:/program files (x86)/atmel/studio/7.0/toolchain/arm/arm-gnu-toolchain/bin/../lib/gcc/arm-none-eabi/6.3.1/thumb/v6-m\libgcc.a(gedf2.o)
                              c:/program files (x86)/atmel/studio/7.0/toolchain/arm/arm-gnu-toolchain/bin/../lib/gcc/arm-none-eabi/6.3.1/thumb/v6-m\libgcc.a(_arm_cmpdf2.o) (__gedf2)
c:/program files (x86)/atmel/studio/7.0/toolchain/arm/arm-gnu-toolchain/bin/../lib/gcc/arm-none-eabi/6.3.1/thumb/v6-m\libgcc.a(ledf2.o)
[...]
Memory Configuration

Name             Origin             Length             Attributes
rom              0x00000000         0x00040000         xr
ram              0x20000000         0x00008000         xrw
*default*        0x00000000         0xffffffff

Linker script and memory map

LOAD c:/program files (x86)/atmel/studio/7.0/toolchain/arm/arm-gnu-toolchain/bin/../lib/gcc/arm-none-eabi/6.3.1/thumb/v6-m/crti.o
LOAD c:/program files (x86)/atmel/studio/7.0/toolchain/arm/arm-gnu-toolchain/bin/../lib/gcc/arm-none-eabi/6.3.1/thumb/v6-m/crtbegin.o
LOAD c:/program files (x86)/atmel/studio/7.0/toolchain/arm/arm-gnu-toolchain/bin/../lib/gcc/arm-none-eabi/6.3.1/../../../../arm-none-eabi/lib/thumb/v6-m/crt0.o
LOAD atmel_start.o
LOAD Device_Startup/startup_samc21.o
LOAD Device_Startup/system_samc21.o
LOAD driver_init.o
LOAD examples/driver_examples.o
LOAD hal/src/hal_adc_dma.o
LOAD hal/src/hal_atomic.o
LOAD hal/src/hal_delay.o
LOAD hal/src/hal_ext_irq.o
LOAD hal/src/hal_gpio.o
LOAD hal/src/hal_i2c_m_sync.o
LOAD hal/src/hal_init.o
LOAD hal/src/hal_io.o
LOAD hal/src/hal_sleep.o
LOAD hal/src/hal_spi_m_sync.o
LOAD hal/utils/src/utils_assert.o
LOAD hal/utils/src/utils_event.o
LOAD hal/utils/src/utils_list.o
LOAD hal/utils/src/utils_syscalls.o
LOAD hpl/adc/hpl_adc.o
LOAD hpl/core/hpl_core_m0plus_base.o
LOAD hpl/core/hpl_init.o
LOAD hpl/divas/hpl_divas.o
LOAD hpl/dmac/hpl_dmac.o
LOAD hpl/eic/hpl_eic.o
LOAD hpl/gclk/hpl_gclk.o
LOAD hpl/mclk/hpl_mclk.o
LOAD hpl/osc32kctrl/hpl_osc32kctrl.o
LOAD hpl/oscctrl/hpl_oscctrl.o
LOAD hpl/pm/hpl_pm.o
LOAD hpl/sercom/hpl_sercom.o
LOAD main.o
LOAD rtos_start.o
LOAD thirdparty/RTOS/freertos/FreeRTOSV10.0.0/rtos_port.o
LOAD thirdparty/RTOS/freertos/FreeRTOSV10.0.0/Source/croutine.o
LOAD thirdparty/RTOS/freertos/FreeRTOSV10.0.0/Source/event_groups.o
LOAD thirdparty/RTOS/freertos/FreeRTOSV10.0.0/Source/list.o
LOAD thirdparty/RTOS/freertos/FreeRTOSV10.0.0/Source/portable/GCC/ARM_CM0/port.o
LOAD thirdparty/RTOS/freertos/FreeRTOSV10.0.0/Source/portable/MemMang/heap_1.o
LOAD thirdparty/RTOS/freertos/FreeRTOSV10.0.0/Source/queue.o
LOAD thirdparty/RTOS/freertos/FreeRTOSV10.0.0/Source/stream_buffer.o
LOAD thirdparty/RTOS/freertos/FreeRTOSV10.0.0/Source/tasks.o
LOAD thirdparty/RTOS/freertos/FreeRTOSV10.0.0/Source/timers.o
LOAD thirdparty/TEVIOT/afe76942.o
LOAD thirdparty/TEVIOT/mcp4541.o
START GROUP
LOAD c:/program files (x86)/atmel/studio/7.0/toolchain/arm/arm-gnu-toolchain/bin/../lib/gcc/arm-none-eabi/6.3.1/../../../../arm-none-eabi/lib/thumb/v6-m\libm.a
END GROUP
START GROUP
LOAD c:/program files (x86)/atmel/studio/7.0/toolchain/arm/arm-gnu-toolchain/bin/../lib/gcc/arm-none-eabi/6.3.1/thumb/v6-m\libgcc.a
LOAD c:/program files (x86)/atmel/studio/7.0/toolchain/arm/arm-gnu-toolchain/bin/../lib/gcc/arm-none-eabi/6.3.1/../../../../arm-none-eabi/lib/thumb/v6-m\libc_nano.a
END GROUP
START GROUP
LOAD c:/program files (x86)/atmel/studio/7.0/toolchain/arm/arm-gnu-toolchain/bin/../lib/gcc/arm-none-eabi/6.3.1/thumb/v6-m\libgcc.a
LOAD c:/program files (x86)/atmel/studio/7.0/toolchain/arm/arm-gnu-toolchain/bin/../lib/gcc/arm-none-eabi/6.3.1/../../../../arm-none-eabi/lib/thumb/v6-m\libc_nano.a
END GROUP
LOAD c:/program files (x86)/atmel/studio/7.0/toolchain/arm/arm-gnu-toolchain/bin/../lib/gcc/arm-none-eabi/6.3.1/thumb/v6-m/crtend.o
LOAD c:/program files (x86)/atmel/studio/7.0/toolchain/arm/arm-gnu-toolchain/bin/../lib/gcc/arm-none-eabi/6.3.1/thumb/v6-m/crtn.o
                0x00002000                STACK_SIZE = DEFINED (STACK_SIZE)?STACK_SIZE:DEFINED (__stack_size__)?__stack_size__:0x2000

.text           0x00000000     0x289c
                0x00000000                . = ALIGN (0x4)
                0x00000000                _sfixed = .
 *(.vectors .vectors.*)
 .vectors       0x00000000       0xbc Device_Startup/startup_samc21.o
                0x00000000                exception_table
 *(.text .text.* .gnu.linkonce.t.*)
 .text          0x000000bc       0x60 c:/program files (x86)/atmel/studio/7.0/toolchain/arm/arm-gnu-toolchain/bin/../lib/gcc/arm-none-eabi/6.3.1/thumb/v6-m/crtbegin.o
 .text.atmel_start_init
                0x0000011c        0xc atmel_start.o
                0x0000011c                atmel_start_init
 .text.Dummy_Handler
                0x00000128        0x2 Device_Startup/startup_samc21.o
                0x00000128                HardFault_Handler
                0x00000128                AC_Handler
                0x00000128                NonMaskableInt_Handler
                0x00000128                TCC1_Handler
                0x00000128                SERCOM2_Handler
                0x00000128                TCC0_Handler
                0x00000128                RTC_Handler
                0x00000128                ADC1_Handler
                0x00000128                INT22_Handler
                0x00000128                INT20_Handler
                0x00000128                WDT_Handler
                0x00000128                CAN0_Handler
                0x00000128                TC4_Handler
                0x00000128                TC3_Handler
                0x00000128                SDADC_Handler
                0x00000128                Dummy_Handler
                0x00000128                INT21_Handler
                0x00000128                SERCOM5_Handler
                0x00000128                INT10_Handler
                0x00000128                CAN1_Handler
                0x00000128                ADC0_Handler
                0x00000128                TSENS_Handler
                0x00000128                TCC2_Handler
                0x00000128                EVSYS_Handler
                0x00000128                SERCOM3_Handler
                0x00000128                SERCOM4_Handler
                0x00000128                NVMCTRL_Handler
                0x00000128                SYSTEM_Handler
                0x00000128                DAC_Handler
                0x00000128                PTC_Handler
                0x00000128                INT9_Handler
                0x00000128                FREQM_Handler
 *fill*         0x0000012a        0x2 
 .text.Reset_Handler
                0x0000012c       0x68 Device_Startup/startup_samc21.o
                0x0000012c                Reset_Handler
 .text.ADC_A_init
                0x00000194       0x74 driver_init.o
 .text.ADC_B_init
                0x00000208      0x240 driver_init.o
 .text.EXTERNAL_IRQ_init
                0x00000448      0x2f8 driver_init.o
                0x00000448                EXTERNAL_IRQ_init
 .text.FG_I2C_PORT_init
                0x00000740       0x50 driver_init.o
                0x00000740                FG_I2C_PORT_init
 .text.FG_I2C_CLOCK_init
                0x00000790       0x24 driver_init.o
                0x00000790                FG_I2C_CLOCK_init
 .text.FG_I2C_init
                0x000007b4       0x28 driver_init.o
                0x000007b4                FG_I2C_init
 .text.AFE_I2C_PORT_init
                0x000007dc       0x6c driver_init.o
                0x000007dc                AFE_I2C_PORT_init
 .text.AFE_I2C_CLOCK_init
                0x00000848       0x24 driver_init.o
                0x00000848                AFE_I2C_CLOCK_init
 .text.AFE_I2C_init
                0x0000086c       0x28 driver_init.o
                0x0000086c                AFE_I2C_init
 .text.FLASH_PORT_init
                0x00000894       0xac driver_init.o
                0x00000894                FLASH_PORT_init
 .text.FLASH_CLOCK_init
                0x00000940       0x24 driver_init.o
                0x00000940                FLASH_CLOCK_init
 .text.FLASH_init
                0x00000964       0x28 driver_init.o
                0x00000964                FLASH_init
 .text.I2C_0_PORT_init
                0x0000098c       0x50 driver_init.o
                0x0000098c                I2C_0_PORT_init
 .text.I2C_0_CLOCK_init
                0x000009dc       0x24 driver_init.o
                0x000009dc                I2C_0_CLOCK_init
 .text.I2C_0_init
                0x00000a00       0x28 driver_init.o
                0x00000a00                I2C_0_init
 .text.CHG_POT_PORT_init
                0x00000a28       0x8a driver_init.o
                0x00000a28                CHG_POT_PORT_init
 *fill*         0x00000ab2        0x2 
 .text.CHG_POT_CLOCK_init
                0x00000ab4       0x20 driver_init.o
                0x00000ab4                CHG_POT_CLOCK_init
 .text.CHG_POT_init
                0x00000ad4       0x28 driver_init.o
                0x00000ad4                CHG_POT_init
 .text.system_init
                0x00000afc      0x508 driver_init.o
                0x00000afc                system_init
 .text.adc_dma_complete
                0x00001004        0xe hal/src/hal_adc_dma.o
 .text.adc_dma_error_occured
                0x00001012        0xe hal/src/hal_adc_dma.o
 .text.adc_dma_init
                0x00001020       0x7c hal/src/hal_adc_dma.o
                0x00001020                adc_dma_init
 .text.delay_ms
                0x0000109c       0x20 hal/src/hal_delay.o
                0x0000109c                delay_ms
 .text.process_ext_irq
                0x000010bc       0x44 hal/src/hal_ext_irq.o
 .text.ext_irq_init
                0x00001100       0x34 hal/src/hal_ext_irq.o
                0x00001100                ext_irq_init
 .text.i2c_m_sync_write
                0x00001134       0x34 hal/src/hal_i2c_m_sync.o
 .text.i2c_m_sync_read
                0x00001168       0x34 hal/src/hal_i2c_m_sync.o
 .text.i2c_m_sync_init
                0x0000119c       0x40 hal/src/hal_i2c_m_sync.o
                0x0000119c                i2c_m_sync_init
 .text.i2c_m_sync_enable
                0x000011dc        0xc hal/src/hal_i2c_m_sync.o
                0x000011dc                i2c_m_sync_enable
 .text.i2c_m_sync_set_slaveaddr
                0x000011e8       0x12 hal/src/hal_i2c_m_sync.o
                0x000011e8                i2c_m_sync_set_slaveaddr
 .text.i2c_m_sync_get_io_descriptor
                0x000011fa        0x8 hal/src/hal_i2c_m_sync.o
                0x000011fa                i2c_m_sync_get_io_descriptor
 *fill*         0x00001202        0x2 
 .text.io_write
                0x00001204       0x38 hal/src/hal_io.o
                0x00001204                io_write
 .text.io_read  0x0000123c       0x38 hal/src/hal_io.o
                0x0000123c                io_read
 .text.spi_m_sync_init
                0x00001274       0x58 hal/src/hal_spi_m_sync.o
                0x00001274                spi_m_sync_init
 .text.spi_m_sync_transfer
                0x000012cc       0x48 hal/src/hal_spi_m_sync.o
                0x000012cc                spi_m_sync_transfer
 .text._spi_m_sync_io_write
                0x00001314       0x3c hal/src/hal_spi_m_sync.o
 .text._spi_m_sync_io_read
                0x00001350       0x3c hal/src/hal_spi_m_sync.o
 .text.assert   0x0000138c        0x8 hal/utils/src/utils_assert.o
                0x0000138c                assert
 .text._adc_get_hardware_index
                0x00001394       0x10 hpl/adc/hpl_adc.o
 .text._adc_init
                0x000013a4      0x15c hpl/adc/hpl_adc.o
 .text._adc_get_regs
                0x00001500       0x40 hpl/adc/hpl_adc.o
 .text._adc_dma_init
                0x00001540       0x38 hpl/adc/hpl_adc.o
                0x00001540                _adc_dma_init
 .text._adc_get_source_for_dma
                0x00001578        0x6 hpl/adc/hpl_adc.o
                0x00001578                _adc_get_source_for_dma
 *fill*         0x0000157e        0x2 
 .text._get_cycles_for_ms
                0x00001580       0x20 hpl/core/hpl_core_m0plus_base.o
                0x00001580                _get_cycles_for_ms
 .text._delay_cycles
                0x000015a0        0x6 hpl/core/hpl_core_m0plus_base.o
                0x000015a0                _delay_cycles
 *fill*         0x000015a6        0x2 
 .text._init_chip
                0x000015a8       0x40 hpl/core/hpl_init.o
                0x000015a8                _init_chip
 .text._div_init
                0x000015e8        0xe hpl/divas/hpl_divas.o
                0x000015e8                _div_init
 .text.__aeabi_uidiv
                0x000015f6       0x36 hpl/divas/hpl_divas.o
                0x000015f6                __aeabi_uidiv
 .text._dma_set_source_address
                0x0000162c       0x10 hpl/dmac/hpl_dmac.o
                0x0000162c                _dma_set_source_address
 .text._dma_get_channel_resource
                0x0000163c       0x14 hpl/dmac/hpl_dmac.o
                0x0000163c                _dma_get_channel_resource
 .text.DMAC_Handler
                0x00001650       0x60 hpl/dmac/hpl_dmac.o
                0x00001650                DMAC_Handler
 .text._ext_irq_handler
                0x000016b0       0xb4 hpl/eic/hpl_eic.o
 .text._ext_irq_init
                0x00001764       0xb0 hpl/eic/hpl_eic.o
                0x00001764                _ext_irq_init
 .text.EIC_Handler
                0x00001814        0xc hpl/eic/hpl_eic.o
                0x00001814                EIC_Handler
 .text._gclk_init_generators_by_fref
                0x00001820       0x24 hpl/gclk/hpl_gclk.o
                0x00001820                _gclk_init_generators_by_fref
 .text._mclk_init
                0x00001844        0xc hpl/mclk/hpl_mclk.o
                0x00001844                _mclk_init
 .text._osc32kctrl_init_sources
                0x00001850       0x24 hpl/osc32kctrl/hpl_osc32kctrl.o
                0x00001850                _osc32kctrl_init_sources
 .text._oscctrl_init_sources
                0x00001874       0x3c hpl/oscctrl/hpl_oscctrl.o
                0x00001874                _oscctrl_init_sources
 .text._oscctrl_init_referenced_generators
                0x000018b0        0x2 hpl/oscctrl/hpl_oscctrl.o
                0x000018b0                _oscctrl_init_referenced_generators
 *fill*         0x000018b2        0x2 
 .text._sercom_get_hardware_index
                0x000018b4       0x38 hpl/sercom/hpl_sercom.o
 .text._get_i2cm_index
                0x000018ec       0x4c hpl/sercom/hpl_sercom.o
 .text._i2c_m_sync_init_impl
                0x00001938       0xd0 hpl/sercom/hpl_sercom.o
 .text._sercom_i2c_sync_send_address
                0x00001a08      0x270 hpl/sercom/hpl_sercom.o
 .text._i2c_m_sync_init
                0x00001c78       0x30 hpl/sercom/hpl_sercom.o
                0x00001c78                _i2c_m_sync_init
 .text._i2c_m_sync_enable
                0x00001ca8       0x80 hpl/sercom/hpl_sercom.o
                0x00001ca8                _i2c_m_sync_enable
 .text._i2c_m_sync_transfer
                0x00001d28      0x27c hpl/sercom/hpl_sercom.o
                0x00001d28                _i2c_m_sync_transfer
 .text._spi_m_sync_init
                0x00001fa4      0x1fc hpl/sercom/hpl_sercom.o
                0x00001fa4                _spi_m_sync_init
 .text._spi_m_sync_trans
                0x000021a0      0x114 hpl/sercom/hpl_sercom.o
                0x000021a0                _spi_m_sync_trans
 .text.main     0x000022b4       0x20 main.o
                0x000022b4                main
 .text.vListInsertEnd
                0x000022d4       0x18 thirdparty/RTOS/freertos/FreeRTOSV10.0.0/Source/list.o
                0x000022d4                vListInsertEnd
 .text.uxListRemove
                0x000022ec       0x28 thirdparty/RTOS/freertos/FreeRTOSV10.0.0/Source/list.o
                0x000022ec                uxListRemove
 .text.SVCall_Handler
                0x00002314        0x2 thirdparty/RTOS/freertos/FreeRTOSV10.0.0/Source/portable/GCC/ARM_CM0/port.o
                0x00002314                SVCall_Handler
 .text.ulSetInterruptMaskFromISR
                0x00002316        0x8 thirdparty/RTOS/freertos/FreeRTOSV10.0.0/Source/portable/GCC/ARM_CM0/port.o
                0x00002316                ulSetInterruptMaskFromISR
 .text.vClearInterruptMaskFromISR
                0x0000231e        0x6 thirdparty/RTOS/freertos/FreeRTOSV10.0.0/Source/portable/GCC/ARM_CM0/port.o
                0x0000231e                vClearInterruptMaskFromISR
 *fill*         0x00002324        0xc 
 .text.PendSV_Handler
                0x00002330       0x44 thirdparty/RTOS/freertos/FreeRTOSV10.0.0/Source/portable/GCC/ARM_CM0/port.o
                0x00002330                PendSV_Handler
 .text.SysTick_Handler
                0x00002374       0x30 thirdparty/RTOS/freertos/FreeRTOSV10.0.0/Source/portable/GCC/ARM_CM0/port.o
                0x00002374                SysTick_Handler
 .text.prvResetNextTaskUnblockTime
                0x000023a4       0x30 thirdparty/RTOS/freertos/FreeRTOSV10.0.0/Source/tasks.o
 .text.xTaskIncrementTick
                0x000023d4      0x108 thirdparty/RTOS/freertos/FreeRTOSV10.0.0/Source/tasks.o
                0x000023d4                xTaskIncrementTick
 .text.vTaskSwitchContext
                0x000024dc       0x80 thirdparty/RTOS/freertos/FreeRTOSV10.0.0/Source/tasks.o
                0x000024dc                vTaskSwitchContext
 .text.AFE_I2C_test
                0x0000255c       0x78 thirdparty/TEVIOT/afe76942.o
                0x0000255c                AFE_I2C_test
 .text          0x000025d4       0x14 c:/program files (x86)/atmel/studio/7.0/toolchain/arm/arm-gnu-toolchain/bin/../lib/gcc/arm-none-eabi/6.3.1/thumb/v6-m\libgcc.a(_ffssi2.o)
                0x000025d4                __ffssi2
 .text          0x000025e8       0x40 c:/program files (x86)/atmel/studio/7.0/toolchain/arm/arm-gnu-toolchain/bin/../lib/gcc/arm-none-eabi/6.3.1/thumb/v6-m\libgcc.a(_ctzsi2.o)
                0x000025e8                __ctzsi2
 .text.__libc_init_array
                0x00002628       0x48 c:/program files (x86)/atmel/studio/7.0/toolchain/arm/arm-gnu-toolchain/bin/../lib/gcc/arm-none-eabi/6.3.1/../../../../arm-none-eabi/lib/thumb/v6-m\libc_nano.a(lib_a-init.o)
                0x00002628                __libc_init_array
 .text.memset   0x00002670       0x10 c:/program files (x86)/atmel/studio/7.0/toolchain/arm/arm-gnu-toolchain/bin/../lib/gcc/arm-none-eabi/6.3.1/../../../../arm-none-eabi/lib/thumb/v6-m\libc_nano.a(lib_a-memset.o)
                0x00002670                memset
 *(.glue_7t)
 .glue_7t       0x00002680        0x0 linker stubs
 *(.glue_7)
 .glue_7        0x00002680        0x0 linker stubs
 *(.rodata .rodata* .gnu.linkonce.r.*)
 .rodata.str1.4
                0x00002680       0x19 hal/src/hal_adc_dma.o
 *fill*         0x00002699        0x3 
 .rodata.str1.4
                0x0000269c       0x1c hal/src/hal_i2c_m_sync.o
 .rodata.str1.4
                0x000026b8       0x14 hal/src/hal_io.o
 .rodata.str1.4
                0x000026cc       0x1c hal/src/hal_spi_m_sync.o
 .rodata        0x000026e8       0x38 hpl/adc/hpl_adc.o
 .rodata.str1.4
                0x00002720       0x15 hpl/adc/hpl_adc.o
 *fill*         0x00002735        0x3 
 .rodata        0x00002738       0x58 hpl/eic/hpl_eic.o
 .rodata.str1.4
                0x00002790       0x15 hpl/eic/hpl_eic.o
 *fill*         0x000027a5        0x3 
 .rodata        0x000027a8       0xb5 hpl/sercom/hpl_sercom.o
 *fill*         0x0000285d        0x3 
 .rodata.str1.4
                0x00002860       0x1c hpl/sercom/hpl_sercom.o
                                 0x1b (size before relaxing)
 *(.ARM.extab* .gnu.linkonce.armextab.*)
                0x0000287c                . = ALIGN (0x4)
 *(.init)
 .init          0x0000287c        0x4 c:/program files (x86)/atmel/studio/7.0/toolchain/arm/arm-gnu-toolchain/bin/../lib/gcc/arm-none-eabi/6.3.1/thumb/v6-m/crti.o
                0x0000287c                _init
 .init          0x00002880        0x8 c:/program files (x86)/atmel/studio/7.0/toolchain/arm/arm-gnu-toolchain/bin/../lib/gcc/arm-none-eabi/6.3.1/thumb/v6-m/crtn.o
                0x00002888                . = ALIGN (0x4)
                0x00002888                __preinit_array_start = .
 *(.preinit_array)
                0x00002888                __preinit_array_end = .
                0x00002888                . = ALIGN (0x4)
                0x00002888                __init_array_start = .
 *(SORT(.init_array.*))
 *(.init_array)
 .init_array    0x00002888        0x4 c:/program files (x86)/atmel/studio/7.0/toolchain/arm/arm-gnu-toolchain/bin/../lib/gcc/arm-none-eabi/6.3.1/thumb/v6-m/crtbegin.o
                0x0000288c                __init_array_end = .
                0x0000288c                . = ALIGN (0x4)
 *crtbegin.o(.ctors)
 *(EXCLUDE_FILE(*crtend.o) .ctors)
 *(SORT(.ctors.*))
 *crtend.o(.ctors)
                0x0000288c                . = ALIGN (0x4)
 *(.fini)
 .fini          0x0000288c        0x4 c:/program files (x86)/atmel/studio/7.0/toolchain/arm/arm-gnu-toolchain/bin/../lib/gcc/arm-none-eabi/6.3.1/thumb/v6-m/crti.o
                0x0000288c                _fini
 .fini          0x00002890        0x8 c:/program files (x86)/atmel/studio/7.0/toolchain/arm/arm-gnu-toolchain/bin/../lib/gcc/arm-none-eabi/6.3.1/thumb/v6-m/crtn.o
                0x00002898                . = ALIGN (0x4)
                0x00002898                __fini_array_start = .
 *(.fini_array)
 .fini_array    0x00002898        0x4 c:/program files (x86)/atmel/studio/7.0/toolchain/arm/arm-gnu-toolchain/bin/../lib/gcc/arm-none-eabi/6.3.1/thumb/v6-m/crtbegin.o
 *(SORT(.fini_array.*))
                0x0000289c                __fini_array_end = .
 *crtbegin.o(.dtors)
 *(EXCLUDE_FILE(*crtend.o) .dtors)
 *(SORT(.dtors.*))
 *crtend.o(.dtors)
                0x0000289c                . = ALIGN (0x4)
                0x0000289c                _efixed = .
                [!provide]                PROVIDE (__exidx_start, .)

.vfp11_veneer   0x0000289c        0x0
 .vfp11_veneer  0x0000289c        0x0 linker stubs

.v4_bx          0x0000289c        0x0
 .v4_bx         0x0000289c        0x0 linker stubs

.iplt           0x0000289c        0x0
 .iplt          0x0000289c        0x0 c:/program files (x86)/atmel/studio/7.0/toolchain/arm/arm-gnu-toolchain/bin/../lib/gcc/arm-none-eabi/6.3.1/thumb/v6-m/crtbegin.o

.eh_frame       0x0000289c        0x0
 .eh_frame      0x0000289c        0x0 c:/program files (x86)/atmel/studio/7.0/toolchain/arm/arm-gnu-toolchain/bin/../lib/gcc/arm-none-eabi/6.3.1/thumb/v6-m/crtbegin.o

.rel.dyn        0x0000289c        0x0
 .rel.iplt      0x0000289c        0x0 c:/program files (x86)/atmel/studio/7.0/toolchain/arm/arm-gnu-toolchain/bin/../lib/gcc/arm-none-eabi/6.3.1/thumb/v6-m/crtbegin.o

.jcr            0x0000289c        0x0
 .jcr           0x0000289c        0x0 c:/program files (x86)/atmel/studio/7.0/toolchain/arm/arm-gnu-toolchain/bin/../lib/gcc/arm-none-eabi/6.3.1/thumb/v6-m/crtbegin.o

.igot.plt       0x0000289c        0x0
 .igot.plt      0x0000289c        0x0 c:/program files (x86)/atmel/studio/7.0/toolchain/arm/arm-gnu-toolchain/bin/../lib/gcc/arm-none-eabi/6.3.1/thumb/v6-m/crtbegin.o

.ARM.exidx
 *(.ARM.exidx* .gnu.linkonce.armexidx.*)
                [!provide]                PROVIDE (__exidx_end, .)
                0x0000289c                . = ALIGN (0x4)
                0x0000289c                _etext = .

.relocate       0x20000000        0x0 load address 0x0000289c
                0x20000000                . = ALIGN (0x4)
                0x20000000                _srelocate = .
 *(.ramfunc .ramfunc.*)
 *(.data .data.*)
                0x20000000                . = ALIGN (0x4)
                0x20000000                _erelocate = .

.bss            0x20000000      0x460
                0x20000000                . = ALIGN (0x4)
                0x20000000                _sbss = .
                0x20000000                _szero = .
 *(.bss .bss.*)
 .bss           0x20000000       0x1c c:/program files (x86)/atmel/studio/7.0/toolchain/arm/arm-gnu-toolchain/bin/../lib/gcc/arm-none-eabi/6.3.1/thumb/v6-m/crtbegin.o
 .bss           0x2000001c        0x4 hal/src/hal_delay.o
 .bss           0x20000020       0x58 hal/src/hal_ext_irq.o
 .bss           0x20000078       0x90 hpl/dmac/hpl_dmac.o
 .bss           0x20000108        0x4 hpl/eic/hpl_eic.o
 .bss           0x2000010c       0xec thirdparty/RTOS/freertos/FreeRTOSV10.0.0/Source/tasks.o
                0x200001d0                pxCurrentTCB
 .bss           0x200001f8        0xa thirdparty/TEVIOT/afe76942.o
 *(COMMON)
 *fill*         0x20000202        0x2 
 COMMON         0x20000204       0xd8 driver_init.o
                0x20000204                FG_I2C
                0x20000224                FLASH
                0x2000023c                CHG_POT
                0x2000025c                ADC_B
                0x2000027c                ADC_A
                0x2000029c                AFE_I2C
                0x200002bc                I2C_0
 *fill*         0x200002dc        0x4 
 COMMON         0x200002e0      0x180 hpl/dmac/hpl_dmac.o
                0x200002e0                _descriptor_section
                0x200003a0                _write_back_section
                0x20000460                . = ALIGN (0x4)
                0x20000460                _ebss = .
                0x20000460                _ezero = .

.stack          0x20000460     0x2000
                0x20000460                . = ALIGN (0x8)
                0x20000460                _sstack = .
                0x20002460                . = (. + STACK_SIZE)
 *fill*         0x20000460     0x2000 
                0x20002460                . = ALIGN (0x8)
                0x20002460                _estack = .
                0x20002460                . = ALIGN (0x4)
                0x20002460                _end = .
OUTPUT(usp500.elf elf32-littlearm)

.ARM.attributes
                0x00000000       0x28
 .ARM.attributes
                0x00000000       0x1e c:/program files (x86)/atmel/studio/7.0/toolchain/arm/arm-gnu-toolchain/bin/../lib/gcc/arm-none-eabi/6.3.1/thumb/v6-m/crti.o
 .ARM.attributes
                0x0000001e       0x2c c:/program files (x86)/atmel/studio/7.0/toolchain/arm/arm-gnu-toolchain/bin/../lib/gcc/arm-none-eabi/6.3.1/thumb/v6-m/crtbegin.o
 .ARM.attributes
                0x0000004a       0x32 atmel_start.o
 .ARM.attributes
                0x0000007c       0x32 Device_Startup/startup_samc21.o
 .ARM.attributes
                0x000000ae       0x32 driver_init.o
 .ARM.attributes
                0x000000e0       0x32 hal/src/hal_adc_dma.o
 .ARM.attributes
                0x00000112       0x32 hal/src/hal_delay.o
 .ARM.attributes
                0x00000144       0x32 hal/src/hal_ext_irq.o
 .ARM.attributes
                0x00000176       0x32 hal/src/hal_i2c_m_sync.o
 .ARM.attributes
                0x000001a8       0x32 hal/src/hal_io.o
 .ARM.attributes
                0x000001da       0x32 hal/src/hal_spi_m_sync.o
 .ARM.attributes
                0x0000020c       0x32 hal/utils/src/utils_assert.o
 .ARM.attributes
                0x0000023e       0x32 hpl/adc/hpl_adc.o
 .ARM.attributes
                0x00000270       0x32 hpl/core/hpl_core_m0plus_base.o
 .ARM.attributes
                0x000002a2       0x32 hpl/core/hpl_init.o
 .ARM.attributes
                0x000002d4       0x32 hpl/divas/hpl_divas.o
 .ARM.attributes
                0x00000306       0x32 hpl/dmac/hpl_dmac.o
 .ARM.attributes
                0x00000338       0x32 hpl/eic/hpl_eic.o
 .ARM.attributes
                0x0000036a       0x32 hpl/gclk/hpl_gclk.o
 .ARM.attributes
                0x0000039c       0x32 hpl/mclk/hpl_mclk.o
 .ARM.attributes
                0x000003ce       0x32 hpl/osc32kctrl/hpl_osc32kctrl.o
 .ARM.attributes
                0x00000400       0x32 hpl/oscctrl/hpl_oscctrl.o
 .ARM.attributes
                0x00000432       0x32 hpl/sercom/hpl_sercom.o
 .ARM.attributes
                0x00000464       0x32 main.o
 .ARM.attributes
                0x00000496       0x32 thirdparty/RTOS/freertos/FreeRTOSV10.0.0/Source/list.o
 .ARM.attributes
                0x000004c8       0x32 thirdparty/RTOS/freertos/FreeRTOSV10.0.0/Source/portable/GCC/ARM_CM0/port.o
 .ARM.attributes
                0x000004fa       0x32 thirdparty/RTOS/freertos/FreeRTOSV10.0.0/Source/tasks.o
 .ARM.attributes
                0x0000052c       0x32 thirdparty/TEVIOT/afe76942.o
 .ARM.attributes
                0x0000055e       0x2c c:/program files (x86)/atmel/studio/7.0/toolchain/arm/arm-gnu-toolchain/bin/../lib/gcc/arm-none-eabi/6.3.1/thumb/v6-m\libgcc.a(_ffssi2.o)
 .ARM.attributes
                0x0000058a       0x1e c:/program files (x86)/atmel/studio/7.0/toolchain/arm/arm-gnu-toolchain/bin/../lib/gcc/arm-none-eabi/6.3.1/thumb/v6-m\libgcc.a(_ctzsi2.o)
 .ARM.attributes
                0x000005a8       0x2c c:/program files (x86)/atmel/studio/7.0/toolchain/arm/arm-gnu-toolchain/bin/../lib/gcc/arm-none-eabi/6.3.1/../../../../arm-none-eabi/lib/thumb/v6-m\libc_nano.a(lib_a-init.o)
 .ARM.attributes
                0x000005d4       0x2c c:/program files (x86)/atmel/studio/7.0/toolchain/arm/arm-gnu-toolchain/bin/../lib/gcc/arm-none-eabi/6.3.1/../../../../arm-none-eabi/lib/thumb/v6-m\libc_nano.a(lib_a-memset.o)
 .ARM.attributes
                0x00000600       0x1e c:/program files (x86)/atmel/studio/7.0/toolchain/arm/arm-gnu-toolchain/bin/../lib/gcc/arm-none-eabi/6.3.1/thumb/v6-m/crtn.o

.comment        0x00000000       0x59
 .comment       0x00000000       0x59 atmel_start.o
                                 0x5a (size before relaxing)
 .comment       0x00000059       0x5a Device_Startup/startup_samc21.o
 .comment       0x00000059       0x5a driver_init.o
 .comment       0x00000059       0x5a hal/src/hal_adc_dma.o
 .comment       0x00000059       0x5a hal/src/hal_delay.o
 .comment       0x00000059       0x5a hal/src/hal_ext_irq.o
 .comment       0x00000059       0x5a hal/src/hal_i2c_m_sync.o
 .comment       0x00000059       0x5a hal/src/hal_io.o
 .comment       0x00000059       0x5a hal/src/hal_spi_m_sync.o
 .comment       0x00000059       0x5a hal/utils/src/utils_assert.o
 .comment       0x00000059       0x5a hpl/adc/hpl_adc.o
 .comment       0x00000059       0x5a hpl/core/hpl_core_m0plus_base.o
 .comment       0x00000059       0x5a hpl/core/hpl_init.o
 .comment       0x00000059       0x5a hpl/divas/hpl_divas.o
 .comment       0x00000059       0x5a hpl/dmac/hpl_dmac.o
 .comment       0x00000059       0x5a hpl/eic/hpl_eic.o
 .comment       0x00000059       0x5a hpl/gclk/hpl_gclk.o
 .comment       0x00000059       0x5a hpl/mclk/hpl_mclk.o
 .comment       0x00000059       0x5a hpl/osc32kctrl/hpl_osc32kctrl.o
 .comment       0x00000059       0x5a hpl/oscctrl/hpl_oscctrl.o
 .comment       0x00000059       0x5a hpl/sercom/hpl_sercom.o
 .comment       0x00000059       0x5a main.o
 .comment       0x00000059       0x5a thirdparty/RTOS/freertos/FreeRTOSV10.0.0/Source/list.o
 .comment       0x00000059       0x5a thirdparty/RTOS/freertos/FreeRTOSV10.0.0/Source/portable/GCC/ARM_CM0/port.o
 .comment       0x00000059       0x5a thirdparty/RTOS/freertos/FreeRTOSV10.0.0/Source/tasks.o
 .comment       0x00000059       0x5a thirdparty/TEVIOT/afe76942.o

.debug_info     0x00000000    0x2b3b2
 .debug_info    0x00000000      0x4ee atmel_start.o
 .debug_info    0x000004ee      0x527 Device_Startup/startup_samc21.o
 .debug_info    0x00000a15     0xca5a driver_init.o
 .debug_info    0x0000d46f      0xe9f hal/src/hal_adc_dma.o
 .debug_info    0x0000e30e      0x1dc hal/src/hal_delay.o
 .debug_info    0x0000e4ea      0x366 hal/src/hal_ext_irq.o
 .debug_info    0x0000e850      0x878 hal/src/hal_i2c_m_sync.o
 .debug_info    0x0000f0c8      0x2b2 hal/src/hal_io.o
 .debug_info    0x0000f37a      0x9c9 hal/src/hal_spi_m_sync.o
 .debug_info    0x0000fd43      0x107 hal/utils/src/utils_assert.o
 .debug_info    0x0000fe4a     0x3cdc hpl/adc/hpl_adc.o
 .debug_info    0x00013b26      0x8a1 hpl/core/hpl_core_m0plus_base.o
 .debug_info    0x000143c7      0x75c hpl/core/hpl_init.o
 .debug_info    0x00014b23      0x854 hpl/divas/hpl_divas.o
 .debug_info    0x00015377     0x260d hpl/dmac/hpl_dmac.o
 .debug_info    0x00017984     0x1d46 hpl/eic/hpl_eic.o
 .debug_info    0x000196ca      0x582 hpl/gclk/hpl_gclk.o
 .debug_info    0x00019c4c      0x879 hpl/mclk/hpl_mclk.o
 .debug_info    0x0001a4c5      0x877 hpl/osc32kctrl/hpl_osc32kctrl.o
 .debug_info    0x0001ad3c      0xdd6 hpl/oscctrl/hpl_oscctrl.o
 .debug_info    0x0001bb12     0xb3a6 hpl/sercom/hpl_sercom.o
 .debug_info    0x00026eb8      0x547 main.o
 .debug_info    0x000273ff      0xbd8 thirdparty/RTOS/freertos/FreeRTOSV10.0.0/Source/list.o
 .debug_info    0x00027fd7      0x308 thirdparty/RTOS/freertos/FreeRTOSV10.0.0/Source/portable/GCC/ARM_CM0/port.o
 .debug_info    0x000282df     0x2a84 thirdparty/RTOS/freertos/FreeRTOSV10.0.0/Source/tasks.o
 .debug_info    0x0002ad63      0x64f thirdparty/TEVIOT/afe76942.o

.debug_abbrev   0x00000000     0x38c8
 .debug_abbrev  0x00000000       0xf3 atmel_start.o
 .debug_abbrev  0x000000f3      0x142 Device_Startup/startup_samc21.o
 .debug_abbrev  0x00000235      0x3b6 driver_init.o
 .debug_abbrev  0x000005eb      0x1af hal/src/hal_adc_dma.o
 .debug_abbrev  0x0000079a       0xe1 hal/src/hal_delay.o
 .debug_abbrev  0x0000087b      0x16c hal/src/hal_ext_irq.o
 .debug_abbrev  0x000009e7      0x1a6 hal/src/hal_i2c_m_sync.o
 .debug_abbrev  0x00000b8d      0x115 hal/src/hal_io.o
 .debug_abbrev  0x00000ca2      0x1b1 hal/src/hal_spi_m_sync.o
 .debug_abbrev  0x00000e53       0x86 hal/utils/src/utils_assert.o
 .debug_abbrev  0x00000ed9      0x4a6 hpl/adc/hpl_adc.o
 .debug_abbrev  0x0000137f      0x2c6 hpl/core/hpl_core_m0plus_base.o
 .debug_abbrev  0x00001645      0x1ce hpl/core/hpl_init.o
 .debug_abbrev  0x00001813      0x232 hpl/divas/hpl_divas.o
 .debug_abbrev  0x00001a45      0x39a hpl/dmac/hpl_dmac.o
 .debug_abbrev  0x00001ddf      0x43f hpl/eic/hpl_eic.o
 .debug_abbrev  0x0000221e      0x19a hpl/gclk/hpl_gclk.o
 .debug_abbrev  0x000023b8      0x1ac hpl/mclk/hpl_mclk.o
 .debug_abbrev  0x00002564      0x1d1 hpl/osc32kctrl/hpl_osc32kctrl.o
 .debug_abbrev  0x00002735      0x1f8 hpl/oscctrl/hpl_oscctrl.o
 .debug_abbrev  0x0000292d      0x593 hpl/sercom/hpl_sercom.o
 .debug_abbrev  0x00002ec0      0x12f main.o
 .debug_abbrev  0x00002fef      0x221 thirdparty/RTOS/freertos/FreeRTOSV10.0.0/Source/list.o
 .debug_abbrev  0x00003210      0x1c0 thirdparty/RTOS/freertos/FreeRTOSV10.0.0/Source/portable/GCC/ARM_CM0/port.o
 .debug_abbrev  0x000033d0      0x3a1 thirdparty/RTOS/freertos/FreeRTOSV10.0.0/Source/tasks.o
 .debug_abbrev  0x00003771      0x157 thirdparty/TEVIOT/afe76942.o

.debug_loc      0x00000000    0x16ac5
 .debug_loc     0x00000000       0x20 atmel_start.o
 .debug_loc     0x00000020       0x78 Device_Startup/startup_samc21.o
 .debug_loc     0x00000098     0x70be driver_init.o
 .debug_loc     0x00007156      0xa14 hal/src/hal_adc_dma.o
 .debug_loc     0x00007b6a       0xc3 hal/src/hal_delay.o
 .debug_loc     0x00007c2d      0x3bd hal/src/hal_ext_irq.o
 .debug_loc     0x00007fea      0x6f5 hal/src/hal_i2c_m_sync.o
 .debug_loc     0x000086df      0x1b6 hal/src/hal_io.o
 .debug_loc     0x00008895      0x728 hal/src/hal_spi_m_sync.o
 .debug_loc     0x00008fbd     0x1d1e hpl/adc/hpl_adc.o
 .debug_loc     0x0000acdb      0x2a1 hpl/core/hpl_core_m0plus_base.o
 .debug_loc     0x0000af7c       0x4c hpl/core/hpl_init.o
 .debug_loc     0x0000afc8      0x2a5 hpl/divas/hpl_divas.o
 .debug_loc     0x0000b26d      0xbc1 hpl/dmac/hpl_dmac.o
 .debug_loc     0x0000be2e      0x6e1 hpl/eic/hpl_eic.o
 .debug_loc     0x0000c50f       0x72 hpl/gclk/hpl_gclk.o
 .debug_loc     0x0000c581       0x2c hpl/mclk/hpl_mclk.o
 .debug_loc     0x0000c5ad      0x12a hpl/osc32kctrl/hpl_osc32kctrl.o
 .debug_loc     0x0000c6d7       0x75 hpl/oscctrl/hpl_oscctrl.o
 .debug_loc     0x0000c74c     0x7e2c hpl/sercom/hpl_sercom.o
 .debug_loc     0x00014578       0x20 main.o
 .debug_loc     0x00014598       0x90 thirdparty/RTOS/freertos/FreeRTOSV10.0.0/Source/list.o
 .debug_loc     0x00014628      0x126 thirdparty/RTOS/freertos/FreeRTOSV10.0.0/Source/portable/GCC/ARM_CM0/port.o
 .debug_loc     0x0001474e     0x234b thirdparty/RTOS/freertos/FreeRTOSV10.0.0/Source/tasks.o
 .debug_loc     0x00016a99       0x2c thirdparty/TEVIOT/afe76942.o

.debug_aranges  0x00000000      0xf78
 .debug_aranges
                0x00000000       0x20 atmel_start.o
 .debug_aranges
                0x00000020       0x28 Device_Startup/startup_samc21.o
 .debug_aranges
                0x00000048       0xb0 driver_init.o
 .debug_aranges
                0x000000f8       0xb8 hal/src/hal_adc_dma.o
 .debug_aranges
                0x000001b0       0x38 hal/src/hal_delay.o
 .debug_aranges
                0x000001e8       0x50 hal/src/hal_ext_irq.o
 .debug_aranges
                0x00000238       0x88 hal/src/hal_i2c_m_sync.o
 .debug_aranges
                0x000002c0       0x30 hal/src/hal_io.o
 .debug_aranges
                0x000002f0       0x88 hal/src/hal_spi_m_sync.o
 .debug_aranges
                0x00000378       0x20 hal/utils/src/utils_assert.o
 .debug_aranges
                0x00000398      0x1f0 hpl/adc/hpl_adc.o
 .debug_aranges
                0x00000588       0x80 hpl/core/hpl_core_m0plus_base.o
 .debug_aranges
                0x00000608       0x20 hpl/core/hpl_init.o
 .debug_aranges
                0x00000628       0x40 hpl/divas/hpl_divas.o
 .debug_aranges
                0x00000668       0x70 hpl/dmac/hpl_dmac.o
 .debug_aranges
                0x000006d8       0x40 hpl/eic/hpl_eic.o
 .debug_aranges
                0x00000718       0x28 hpl/gclk/hpl_gclk.o
 .debug_aranges
                0x00000740       0x20 hpl/mclk/hpl_mclk.o
 .debug_aranges
                0x00000760       0x20 hpl/osc32kctrl/hpl_osc32kctrl.o
 .debug_aranges
                0x00000780       0x28 hpl/oscctrl/hpl_oscctrl.o
 .debug_aranges
                0x000007a8      0x508 hpl/sercom/hpl_sercom.o
 .debug_aranges
                0x00000cb0       0x20 main.o
 .debug_aranges
                0x00000cd0       0x40 thirdparty/RTOS/freertos/FreeRTOSV10.0.0/Source/list.o
 .debug_aranges
                0x00000d10       0x88 thirdparty/RTOS/freertos/FreeRTOSV10.0.0/Source/portable/GCC/ARM_CM0/port.o
 .debug_aranges
                0x00000d98      0x1c0 thirdparty/RTOS/freertos/FreeRTOSV10.0.0/Source/tasks.o
 .debug_aranges
                0x00000f58       0x20 thirdparty/TEVIOT/afe76942.o

.debug_ranges   0x00000000     0x10d0
 .debug_ranges  0x00000000       0x10 atmel_start.o
 .debug_ranges  0x00000010       0x18 Device_Startup/startup_samc21.o
 .debug_ranges  0x00000028       0xa0 driver_init.o
 .debug_ranges  0x000000c8       0xa8 hal/src/hal_adc_dma.o
 .debug_ranges  0x00000170       0x28 hal/src/hal_delay.o
 .debug_ranges  0x00000198       0x40 hal/src/hal_ext_irq.o
 .debug_ranges  0x000001d8       0x78 hal/src/hal_i2c_m_sync.o
 .debug_ranges  0x00000250       0x20 hal/src/hal_io.o
 .debug_ranges  0x00000270       0x78 hal/src/hal_spi_m_sync.o
 .debug_ranges  0x000002e8       0x10 hal/utils/src/utils_assert.o
 .debug_ranges  0x000002f8      0x1f8 hpl/adc/hpl_adc.o
 .debug_ranges  0x000004f0       0x70 hpl/core/hpl_core_m0plus_base.o
 .debug_ranges  0x00000560       0x10 hpl/core/hpl_init.o
 .debug_ranges  0x00000570       0x30 hpl/divas/hpl_divas.o
 .debug_ranges  0x000005a0       0x90 hpl/dmac/hpl_dmac.o
 .debug_ranges  0x00000630       0x48 hpl/eic/hpl_eic.o
 .debug_ranges  0x00000678       0x18 hpl/gclk/hpl_gclk.o
 .debug_ranges  0x00000690       0x10 hpl/mclk/hpl_mclk.o
 .debug_ranges  0x000006a0       0x10 hpl/osc32kctrl/hpl_osc32kctrl.o
 .debug_ranges  0x000006b0       0x18 hpl/oscctrl/hpl_oscctrl.o
 .debug_ranges  0x000006c8      0x6c8 hpl/sercom/hpl_sercom.o
 .debug_ranges  0x00000d90       0x10 main.o
 .debug_ranges  0x00000da0       0x30 thirdparty/RTOS/freertos/FreeRTOSV10.0.0/Source/list.o
 .debug_ranges  0x00000dd0       0x78 thirdparty/RTOS/freertos/FreeRTOSV10.0.0/Source/portable/GCC/ARM_CM0/port.o
 .debug_ranges  0x00000e48      0x278 thirdparty/RTOS/freertos/FreeRTOSV10.0.0/Source/tasks.o
 .debug_ranges  0x000010c0       0x10 thirdparty/TEVIOT/afe76942.o

.debug_macro    0x00000000    0x22e74
 .debug_macro   0x00000000      0x793 atmel_start.o
 .debug_macro   0x00000793      0x89e atmel_start.o
 .debug_macro   0x00001031      0x16d atmel_start.o
 .debug_macro   0x0000119e       0x22 atmel_start.o
 .debug_macro   0x000011c0       0x87 atmel_start.o
 .debug_macro   0x00001247       0x51 atmel_start.o
 .debug_macro   0x00001298       0xef atmel_start.o
 .debug_macro   0x00001387       0x6a atmel_start.o
 .debug_macro   0x000013f1      0x1df atmel_start.o
 .debug_macro   0x000015d0       0x22 atmel_start.o
 .debug_macro   0x000015f2       0x85 atmel_start.o
 .debug_macro   0x00001677       0x1c atmel_start.o
 .debug_macro   0x00001693       0x22 atmel_start.o
 .debug_macro   0x000016b5       0xb5 atmel_start.o
 .debug_macro   0x0000176a      0x4da atmel_start.o
 .debug_macro   0x00001c44      0x11f atmel_start.o
 .debug_macro   0x00001d63      0x897 atmel_start.o
 .debug_macro   0x000025fa      0x8ce atmel_start.o
 .debug_macro   0x00002ec8     0x2d61 atmel_start.o
 .debug_macro   0x00005c29      0x23a atmel_start.o
 .debug_macro   0x00005e63      0x282 atmel_start.o
 .debug_macro   0x000060e5      0x130 atmel_start.o
 .debug_macro   0x00006215      0xc36 atmel_start.o
 .debug_macro   0x00006e4b      0x5f5 atmel_start.o
 .debug_macro   0x00007440      0x67b atmel_start.o
 .debug_macro   0x00007abb      0x824 atmel_start.o
 .debug_macro   0x000082df      0x17e atmel_start.o
 .debug_macro   0x0000845d      0x306 atmel_start.o
 .debug_macro   0x00008763      0x55f atmel_start.o
 .debug_macro   0x00008cc2      0x48a atmel_start.o
 .debug_macro   0x0000914c      0x21c atmel_start.o
 .debug_macro   0x00009368      0x72e atmel_start.o
 .debug_macro   0x00009a96      0x5ab atmel_start.o
 .debug_macro   0x0000a041      0x335 atmel_start.o
 .debug_macro   0x0000a376      0x751 atmel_start.o
 .debug_macro   0x0000aac7       0xdc atmel_start.o
 .debug_macro   0x0000aba3      0x340 atmel_start.o
 .debug_macro   0x0000aee3       0x6a atmel_start.o
 .debug_macro   0x0000af4d     0x124b atmel_start.o
 .debug_macro   0x0000c198      0x5a5 atmel_start.o
 .debug_macro   0x0000c73d      0xfc4 atmel_start.o
 .debug_macro   0x0000d701      0x622 atmel_start.o
 .debug_macro   0x0000dd23      0x930 atmel_start.o
 .debug_macro   0x0000e653     0x19be atmel_start.o
 .debug_macro   0x00010011      0x39c atmel_start.o
 .debug_macro   0x000103ad      0x36a atmel_start.o
 .debug_macro   0x00010717       0x94 atmel_start.o
 .debug_macro   0x000107ab       0xac atmel_start.o
 .debug_macro   0x00010857       0xac atmel_start.o
 .debug_macro   0x00010903      0x149 atmel_start.o
 .debug_macro   0x00010a4c      0x149 atmel_start.o
 .debug_macro   0x00010b95       0x46 atmel_start.o
 .debug_macro   0x00010bdb       0x58 atmel_start.o
 .debug_macro   0x00010c33       0x3a atmel_start.o
 .debug_macro   0x00010c6d       0xd0 atmel_start.o
 .debug_macro   0x00010d3d       0xb2 atmel_start.o
 .debug_macro   0x00010def       0x7c atmel_start.o
 .debug_macro   0x00010e6b      0x643 atmel_start.o
 .debug_macro   0x000114ae       0x46 atmel_start.o
 .debug_macro   0x000114f4      0x1e6 atmel_start.o
 .debug_macro   0x000116da      0x184 atmel_start.o
 .debug_macro   0x0001185e       0x58 atmel_start.o
 .debug_macro   0x000118b6       0xa0 atmel_start.o
 .debug_macro   0x00011956       0xd6 atmel_start.o
 .debug_macro   0x00011a2c       0x94 atmel_start.o
 .debug_macro   0x00011ac0       0x4c atmel_start.o
 .debug_macro   0x00011b0c       0x70 atmel_start.o
 .debug_macro   0x00011b7c       0x22 atmel_start.o
 .debug_macro   0x00011b9e      0x1da atmel_start.o
 .debug_macro   0x00011d78       0x2e atmel_start.o
 .debug_macro   0x00011da6       0x16 atmel_start.o
 .debug_macro   0x00011dbc       0xd6 atmel_start.o
 .debug_macro   0x00011e92       0xa0 atmel_start.o
 .debug_macro   0x00011f32      0x133 atmel_start.o
 .debug_macro   0x00012065      0x133 atmel_start.o
 .debug_macro   0x00012198      0x133 atmel_start.o
 .debug_macro   0x000122cb      0x133 atmel_start.o
 .debug_macro   0x000123fe      0x133 atmel_start.o
 .debug_macro   0x00012531      0x133 atmel_start.o
 .debug_macro   0x00012664      0x133 atmel_start.o
 .debug_macro   0x00012797      0x133 atmel_start.o
 .debug_macro   0x000128ca       0x52 atmel_start.o
 .debug_macro   0x0001291c       0xfa atmel_start.o
 .debug_macro   0x00012a16       0xfa atmel_start.o
 .debug_macro   0x00012b10       0xfa atmel_start.o
 .debug_macro   0x00012c0a       0xfa atmel_start.o
 .debug_macro   0x00012d04       0xfa atmel_start.o
 .debug_macro   0x00012dfe       0xfa atmel_start.o
 .debug_macro   0x00012ef8       0xfa atmel_start.o
 .debug_macro   0x00012ff2       0xfa atmel_start.o
 .debug_macro   0x000130ec      0x124 atmel_start.o
 .debug_macro   0x00013210       0xfa atmel_start.o
 .debug_macro   0x0001330a       0xee atmel_start.o
 .debug_macro   0x000133f8       0x76 atmel_start.o
 .debug_macro   0x0001346e       0x3a atmel_start.o
 .debug_macro   0x000134a8      0x4db atmel_start.o
 .debug_macro   0x00013983     0x329c atmel_start.o
 .debug_macro   0x00016c1f       0x89 atmel_start.o
 .debug_macro   0x00016ca8       0x10 atmel_start.o
 .debug_macro   0x00016cb8       0x10 atmel_start.o
 .debug_macro   0x00016cc8       0x16 atmel_start.o
 .debug_macro   0x00016cde       0x16 atmel_start.o
 .debug_macro   0x00016cf4       0x16 atmel_start.o
 .debug_macro   0x00016d0a       0x16 atmel_start.o
 .debug_macro   0x00016d20       0x16 atmel_start.o
 .debug_macro   0x00016d36       0x16 atmel_start.o
 .debug_macro   0x00016d4c       0x16 atmel_start.o
 .debug_macro   0x00016d62       0x16 atmel_start.o
 .debug_macro   0x00016d78       0x16 atmel_start.o
 .debug_macro   0x00016d8e       0x16 atmel_start.o
 .debug_macro   0x00016da4       0x16 atmel_start.o
 .debug_macro   0x00016dba       0x16 atmel_start.o
 .debug_macro   0x00016dd0       0x16 atmel_start.o
 .debug_macro   0x00016de6       0x16 atmel_start.o
 .debug_macro   0x00016dfc       0x16 atmel_start.o
 .debug_macro   0x00016e12       0x16 atmel_start.o
 .debug_macro   0x00016e28       0x16 atmel_start.o
 .debug_macro   0x00016e3e       0x16 atmel_start.o
 .debug_macro   0x00016e54       0x16 atmel_start.o
 .debug_macro   0x00016e6a       0x16 atmel_start.o
 .debug_macro   0x00016e80       0x16 atmel_start.o
 .debug_macro   0x00016e96      0x262 atmel_start.o
 .debug_macro   0x000170f8       0x16 atmel_start.o
 .debug_macro   0x0001710e       0x94 atmel_start.o
 .debug_macro   0x000171a2       0x16 atmel_start.o
 .debug_macro   0x000171b8       0xbe atmel_start.o
 .debug_macro   0x00017276      0x28c atmel_start.o
 .debug_macro   0x00017502       0x16 atmel_start.o
 .debug_macro   0x00017518       0x16 atmel_start.o
 .debug_macro   0x0001752e       0xca atmel_start.o
 .debug_macro   0x000175f8       0x1c atmel_start.o
 .debug_macro   0x00017614       0x16 atmel_start.o
 .debug_macro   0x0001762a      0x12a atmel_start.o
 .debug_macro   0x00017754      0x1cc atmel_start.o
 .debug_macro   0x00017920       0x70 atmel_start.o
 .debug_macro   0x00017990       0xc9 atmel_start.o
 .debug_macro   0x00017a59       0xc0 atmel_start.o
 .debug_macro   0x00017b19      0x183 atmel_start.o
 .debug_macro   0x00017c9c      0x15a atmel_start.o
 .debug_macro   0x00017df6       0xa6 atmel_start.o
 .debug_macro   0x00017e9c       0x10 atmel_start.o
 .debug_macro   0x00017eac       0x1f atmel_start.o
 .debug_macro   0x00017ecb      0x46a atmel_start.o
 .debug_macro   0x00018335       0xb5 atmel_start.o
 .debug_macro   0x000183ea       0x8c atmel_start.o
 .debug_macro   0x00018476       0x86 atmel_start.o
 .debug_macro   0x000184fc       0x7e atmel_start.o
 .debug_macro   0x0001857a       0x22 atmel_start.o
 .debug_macro   0x0001859c      0x3ec Device_Startup/startup_samc21.o
 .debug_macro   0x00018988       0x7f Device_Startup/startup_samc21.o
 .debug_macro   0x00018a07      0x6b5 driver_init.o
 .debug_macro   0x000190bc      0x5c6 hal/src/hal_adc_dma.o
 .debug_macro   0x00019682      0x1f0 hal/src/hal_adc_dma.o
 .debug_macro   0x00019872      0x5a8 hal/src/hal_delay.o
 .debug_macro   0x00019e1a      0x58d hal/src/hal_ext_irq.o
 .debug_macro   0x0001a3a7      0x5b1 hal/src/hal_i2c_m_sync.o
 .debug_macro   0x0001a958       0x6a hal/src/hal_i2c_m_sync.o
 .debug_macro   0x0001a9c2      0x586 hal/src/hal_io.o
 .debug_macro   0x0001af48      0x5ce hal/src/hal_spi_m_sync.o
 .debug_macro   0x0001b516      0x57b hal/utils/src/utils_assert.o
 .debug_macro   0x0001ba91       0x10 hal/utils/src/utils_assert.o
 .debug_macro   0x0001baa1      0x5d4 hpl/adc/hpl_adc.o
 .debug_macro   0x0001c075      0x6cc hpl/adc/hpl_adc.o
 .debug_macro   0x0001c741      0x6ba hpl/adc/hpl_adc.o
 .debug_macro   0x0001cdfb      0x5d1 hpl/core/hpl_core_m0plus_base.o
 .debug_macro   0x0001d3cc      0x600 hpl/core/hpl_init.o
 .debug_macro   0x0001d9cc       0x1c hpl/core/hpl_init.o
 .debug_macro   0x0001d9e8      0x75b hpl/core/hpl_init.o
 .debug_macro   0x0001e143      0x599 hpl/divas/hpl_divas.o
 .debug_macro   0x0001e6dc      0x5ba hpl/dmac/hpl_dmac.o
 .debug_macro   0x0001ec96      0x666 hpl/eic/hpl_eic.o
 .debug_macro   0x0001f2fc      0x2e9 hpl/eic/hpl_eic.o
 .debug_macro   0x0001f5e5      0x58a hpl/gclk/hpl_gclk.o
 .debug_macro   0x0001fb6f      0x1f4 hpl/gclk/hpl_gclk.o
 .debug_macro   0x0001fd63      0x585 hpl/mclk/hpl_mclk.o
 .debug_macro   0x000202e8      0x580 hpl/osc32kctrl/hpl_osc32kctrl.o
 .debug_macro   0x00020868       0xb8 hpl/osc32kctrl/hpl_osc32kctrl.o
 .debug_macro   0x00020920      0x580 hpl/oscctrl/hpl_oscctrl.o
 .debug_macro   0x00020ea0      0x130 hpl/oscctrl/hpl_oscctrl.o
 .debug_macro   0x00020fd0      0x7b7 hpl/sercom/hpl_sercom.o
 .debug_macro   0x00021787      0x226 hpl/sercom/hpl_sercom.o
 .debug_macro   0x000219ad       0x10 hpl/sercom/hpl_sercom.o
 .debug_macro   0x000219bd       0x1c hpl/sercom/hpl_sercom.o
 .debug_macro   0x000219d9       0x22 hpl/sercom/hpl_sercom.o
 .debug_macro   0x000219fb       0x10 hpl/sercom/hpl_sercom.o
 .debug_macro   0x00021a0b      0x793 main.o
 .debug_macro   0x0002219e      0x18a thirdparty/RTOS/freertos/FreeRTOSV10.0.0/Source/list.o
 .debug_macro   0x00022328      0x133 thirdparty/RTOS/freertos/FreeRTOSV10.0.0/Source/portable/GCC/ARM_CM0/port.o
 .debug_macro   0x0002245b      0x32c thirdparty/RTOS/freertos/FreeRTOSV10.0.0/Source/tasks.o
 .debug_macro   0x00022787       0x10 thirdparty/RTOS/freertos/FreeRTOSV10.0.0/Source/tasks.o
 .debug_macro   0x00022797       0x1c thirdparty/RTOS/freertos/FreeRTOSV10.0.0/Source/tasks.o
 .debug_macro   0x000227b3      0x6c1 thirdparty/TEVIOT/afe76942.o

.debug_line     0x00000000    0x1609f
 .debug_line    0x00000000      0xec4 atmel_start.o
 .debug_line    0x00000ec4      0x7ff Device_Startup/startup_samc21.o
 .debug_line    0x000016c3     0x1439 driver_init.o
 .debug_line    0x00002afc      0xd65 hal/src/hal_adc_dma.o
 .debug_line    0x00003861      0xb79 hal/src/hal_delay.o
 .debug_line    0x000043da      0xbf4 hal/src/hal_ext_irq.o
 .debug_line    0x00004fce      0xc69 hal/src/hal_i2c_m_sync.o
 .debug_line    0x00005c37      0xb66 hal/src/hal_io.o
 .debug_line    0x0000679d      0xccc hal/src/hal_spi_m_sync.o
 .debug_line    0x00007469      0xb18 hal/utils/src/utils_assert.o
 .debug_line    0x00007f81     0x14a7 hpl/adc/hpl_adc.o
 .debug_line    0x00009428      0xcec hpl/core/hpl_core_m0plus_base.o
 .debug_line    0x0000a114      0xc05 hpl/core/hpl_init.o
 .debug_line    0x0000ad19      0xc20 hpl/divas/hpl_divas.o
 .debug_line    0x0000b939      0xde8 hpl/dmac/hpl_dmac.o
 .debug_line    0x0000c721      0xd32 hpl/eic/hpl_eic.o
 .debug_line    0x0000d453      0xb6a hpl/gclk/hpl_gclk.o
 .debug_line    0x0000dfbd      0xb40 hpl/mclk/hpl_mclk.o
 .debug_line    0x0000eafd      0xb62 hpl/osc32kctrl/hpl_osc32kctrl.o
 .debug_line    0x0000f65f      0xb87 hpl/oscctrl/hpl_oscctrl.o
 .debug_line    0x000101e6     0x2aba hpl/sercom/hpl_sercom.o
 .debug_line    0x00012ca0      0xec6 main.o
 .debug_line    0x00013b66      0x4a0 thirdparty/RTOS/freertos/FreeRTOSV10.0.0/Source/list.o
 .debug_line    0x00014006      0x499 thirdparty/RTOS/freertos/FreeRTOSV10.0.0/Source/portable/GCC/ARM_CM0/port.o
 .debug_line    0x0001449f      0xeec thirdparty/RTOS/freertos/FreeRTOSV10.0.0/Source/tasks.o
 .debug_line    0x0001538b      0xd14 thirdparty/TEVIOT/afe76942.o

.debug_str      0x00000000    0xb0ff1
 .debug_str     0x00000000    0x97470 atmel_start.o
                              0x98055 (size before relaxing)
 .debug_str     0x00097470      0x3e3 Device_Startup/startup_samc21.o
                              0x8cdfd (size before relaxing)
 .debug_str     0x00097853     0x1365 driver_init.o
                              0x94e8e (size before relaxing)
 .debug_str     0x00098bb8      0xb1d hal/src/hal_adc_dma.o
                              0x9281a (size before relaxing)
 .debug_str     0x000996d5       0x9b hal/src/hal_delay.o
                              0x915f6 (size before relaxing)
 .debug_str     0x00099770       0xcd hal/src/hal_ext_irq.o
                              0x91652 (size before relaxing)
 .debug_str     0x0009983d      0x15d hal/src/hal_i2c_m_sync.o
                              0x91e8f (size before relaxing)
 .debug_str     0x0009999a       0x2c hal/src/hal_io.o
                              0x91639 (size before relaxing)
 .debug_str     0x000999c6      0x2ef hal/src/hal_spi_m_sync.o
                              0x91f26 (size before relaxing)
 .debug_str     0x00099cb5       0x2a hal/utils/src/utils_assert.o
                              0x9159c (size before relaxing)
 .debug_str     0x00099cdf     0x6b33 hpl/adc/hpl_adc.o
                              0x98ec8 (size before relaxing)
 .debug_str     0x000a0812       0xda hpl/core/hpl_core_m0plus_base.o
                              0x923da (size before relaxing)
 .debug_str     0x000a08ec     0x1a6a hpl/core/hpl_init.o
                              0x941fa (size before relaxing)
 .debug_str     0x000a2356      0x2b3 hpl/divas/hpl_divas.o
                              0x9180d (size before relaxing)
 .debug_str     0x000a2609      0xf1f hpl/dmac/hpl_dmac.o
                              0x99beb (size before relaxing)
 .debug_str     0x000a3528     0x3d90 hpl/eic/hpl_eic.o
                              0x95bcf (size before relaxing)
 .debug_str     0x000a72b8      0x81b hpl/gclk/hpl_gclk.o
                              0x91ed1 (size before relaxing)
 .debug_str     0x000a7ad3       0x47 hpl/mclk/hpl_mclk.o
                              0x91d19 (size before relaxing)
 .debug_str     0x000a7b1a      0x5d1 hpl/osc32kctrl/hpl_osc32kctrl.o
                              0x91b64 (size before relaxing)
 .debug_str     0x000a80eb      0x8dd hpl/oscctrl/hpl_oscctrl.o
                              0x91ece (size before relaxing)
 .debug_str     0x000a89c8     0x5311 hpl/sercom/hpl_sercom.o
                              0x98215 (size before relaxing)
 .debug_str     0x000adcd9       0x19 main.o
                              0x9805d (size before relaxing)
 .debug_str     0x000adcf2      0x25b thirdparty/RTOS/freertos/FreeRTOSV10.0.0/Source/list.o
                               0x9cca (size before relaxing)
 .debug_str     0x000adf4d      0x414 thirdparty/RTOS/freertos/FreeRTOSV10.0.0/Source/portable/GCC/ARM_CM0/port.o
                               0x77b0 (size before relaxing)
 .debug_str     0x000ae361     0x2c11 thirdparty/RTOS/freertos/FreeRTOSV10.0.0/Source/tasks.o
                               0xcfd2 (size before relaxing)
 .debug_str     0x000b0f72       0x7f thirdparty/TEVIOT/afe76942.o
                              0x93610 (size before relaxing)

.debug_frame    0x00000000     0x27a0
 .debug_frame   0x00000000       0x28 atmel_start.o
 .debug_frame   0x00000028       0x38 Device_Startup/startup_samc21.o
 .debug_frame   0x00000060      0x210 driver_init.o
 .debug_frame   0x00000270      0x228 hal/src/hal_adc_dma.o
 .debug_frame   0x00000498       0x68 hal/src/hal_delay.o
 .debug_frame   0x00000500       0xc8 hal/src/hal_ext_irq.o
 .debug_frame   0x000005c8      0x164 hal/src/hal_i2c_m_sync.o
 .debug_frame   0x0000072c       0x58 hal/src/hal_io.o
 .debug_frame   0x00000784      0x188 hal/src/hal_spi_m_sync.o
 .debug_frame   0x0000090c       0x20 hal/utils/src/utils_assert.o
 .debug_frame   0x0000092c      0x464 hpl/adc/hpl_adc.o
 .debug_frame   0x00000d90       0xfc hpl/core/hpl_core_m0plus_base.o
 .debug_frame   0x00000e8c       0x28 hpl/core/hpl_init.o
 .debug_frame   0x00000eb4       0x90 hpl/divas/hpl_divas.o
 .debug_frame   0x00000f44      0x108 hpl/dmac/hpl_dmac.o
 .debug_frame   0x0000104c       0x84 hpl/eic/hpl_eic.o
 .debug_frame   0x000010d0       0x30 hpl/gclk/hpl_gclk.o
 .debug_frame   0x00001100       0x20 hpl/mclk/hpl_mclk.o
 .debug_frame   0x00001120       0x20 hpl/osc32kctrl/hpl_osc32kctrl.o
 .debug_frame   0x00001140       0x30 hpl/oscctrl/hpl_oscctrl.o
 .debug_frame   0x00001170      0xea8 hpl/sercom/hpl_sercom.o
 .debug_frame   0x00002018       0x28 main.o
 .debug_frame   0x00002040       0x6c thirdparty/RTOS/freertos/FreeRTOSV10.0.0/Source/list.o
 .debug_frame   0x000020ac      0x10c thirdparty/RTOS/freertos/FreeRTOSV10.0.0/Source/portable/GCC/ARM_CM0/port.o
 .debug_frame   0x000021b8      0x548 thirdparty/RTOS/freertos/FreeRTOSV10.0.0/Source/tasks.o
 .debug_frame   0x00002700       0x2c thirdparty/TEVIOT/afe76942.o
 .debug_frame   0x0000272c       0x28 c:/program files (x86)/atmel/studio/7.0/toolchain/arm/arm-gnu-toolchain/bin/../lib/gcc/arm-none-eabi/6.3.1/thumb/v6-m\libgcc.a(_ffssi2.o)
 .debug_frame   0x00002754       0x2c c:/program files (x86)/atmel/studio/7.0/toolchain/arm/arm-gnu-toolchain/bin/../lib/gcc/arm-none-eabi/6.3.1/../../../../arm-none-eabi/lib/thumb/v6-m\libc_nano.a(lib_a-init.o)
 .debug_frame   0x00002780       0x20 c:/program files (x86)/atmel/studio/7.0/toolchain/arm/arm-gnu-toolchain/bin/../lib/gcc/arm-none-eabi/6.3.1/../../../../arm-none-eabi/lib/thumb/v6-m\libc_nano.a(lib_a-memset.o)
